Archive member included to satisfy reference by file (symbol)

/usr/lib/gcc/avr/9.1.0/avr5/libgcc.a(_exit.o)
                              /usr/lib/gcc/avr/9.1.0/../../../../avr/lib/avr5/crtatmega32u4.o (exit)
/usr/lib/gcc/avr/9.1.0/avr5/libgcc.a(_copy_data.o)
                              obj/main.o (__do_copy_data)
/usr/lib/gcc/avr/9.1.0/avr5/libgcc.a(_clear_bss.o)
                              obj/main.o (__do_clear_bss)
/usr/lib/gcc/avr/9.1.0/../../../../avr/lib/avr5/libc.a(memcpy_P.o)
                              obj/RNDISClassDevice.o (memcpy_P)
/usr/lib/gcc/avr/9.1.0/../../../../avr/lib/avr5/libc.a(strlen_P.o)
                              obj/CDCClassDevice.o (__strlen_P)
/usr/lib/gcc/avr/9.1.0/../../../../avr/lib/avr5/libc.a(memcmp.o)
                              obj/HIDClassDevice.o (memcmp)
/usr/lib/gcc/avr/9.1.0/../../../../avr/lib/avr5/libc.a(memcpy.o)
                              obj/HIDClassDevice.o (memcpy)
/usr/lib/gcc/avr/9.1.0/../../../../avr/lib/avr5/libc.a(memset.o)
                              obj/HIDClassDevice.o (memset)
/usr/lib/gcc/avr/9.1.0/../../../../avr/lib/avr5/libatmega32u4.a(eerd_byte.o)
                              obj/EndpointStream_AVR8.o (eeprom_read_byte)
/usr/lib/gcc/avr/9.1.0/../../../../avr/lib/avr5/libatmega32u4.a(eeupd_byte.o)
                              obj/EndpointStream_AVR8.o (eeprom_update_byte)

Allocating common symbols
Common symbol       size              file

USB_IsInitialized   0x1               obj/USBTask.o
sampleCounter       0x4               obj/main.o
USB_DeviceState     0x1               obj/USBTask.o
USB_Device_ConfigurationNumber
                    0x1               obj/DeviceStandardReq.o
USB_Device_CurrentlySelfPowered
                    0x1               obj/DeviceStandardReq.o
USB_ControlRequest  0x8               obj/USBTask.o
buf                 0x214             obj/main.o
USB_Device_RemoteWakeupEnabled
                    0x1               obj/DeviceStandardReq.o

Discarded input sections

 .data          0x0000000000000000        0x0 /usr/lib/gcc/avr/9.1.0/../../../../avr/lib/avr5/crtatmega32u4.o
 .bss           0x0000000000000000        0x0 /usr/lib/gcc/avr/9.1.0/../../../../avr/lib/avr5/crtatmega32u4.o
 .text          0x0000000000000000        0x0 obj/main.o
 .text.ledSet   0x0000000000000000       0x20 obj/main.o
 .text.timerStop
                0x0000000000000000       0x10 obj/main.o
 .rodata        0x0000000000000000        0x2 obj/main.o
 .text          0x0000000000000000        0x0 obj/flash.o
 .data          0x0000000000000000        0x0 obj/flash.o
 .bss           0x0000000000000000        0x0 obj/flash.o
 .text.erase_chip
                0x0000000000000000       0x2c obj/flash.o
 .text          0x0000000000000000        0x0 obj/spi.o
 .data          0x0000000000000000        0x0 obj/spi.o
 .bss           0x0000000000000000        0x0 obj/spi.o
 .text          0x0000000000000000        0x0 obj/Descriptors.o
 .data          0x0000000000000000        0x0 obj/Descriptors.o
 .bss           0x0000000000000000        0x0 obj/Descriptors.o
 .text          0x0000000000000000        0x0 obj/HIDParser.o
 .data          0x0000000000000000        0x0 obj/HIDParser.o
 .bss           0x0000000000000000        0x0 obj/HIDParser.o
 .text.USB_ProcessHIDReport
                0x0000000000000000      0x6be obj/HIDParser.o
 .text.USB_GetHIDReportItemInfo
                0x0000000000000000       0xb6 obj/HIDParser.o
 .text.USB_SetHIDReportItemInfo
                0x0000000000000000       0xb8 obj/HIDParser.o
 .text.USB_GetHIDReportSize
                0x0000000000000000       0x56 obj/HIDParser.o
 .debug_info    0x0000000000000000      0x803 obj/HIDParser.o
 .debug_abbrev  0x0000000000000000      0x253 obj/HIDParser.o
 .debug_loc     0x0000000000000000      0xc63 obj/HIDParser.o
 .debug_aranges
                0x0000000000000000       0x38 obj/HIDParser.o
 .debug_ranges  0x0000000000000000      0x100 obj/HIDParser.o
 .debug_line    0x0000000000000000      0xd5a obj/HIDParser.o
 .debug_str     0x0000000000000000      0x6df obj/HIDParser.o
 .comment       0x0000000000000000       0x12 obj/HIDParser.o
 .debug_frame   0x0000000000000000      0x10c obj/HIDParser.o
 .text          0x0000000000000000        0x0 obj/Device_AVR8.o
 .data          0x0000000000000000        0x0 obj/Device_AVR8.o
 .bss           0x0000000000000000        0x0 obj/Device_AVR8.o
 .text.USB_Device_SendRemoteWakeup
                0x0000000000000000       0x2c obj/Device_AVR8.o
 .debug_info    0x0000000000000000      0x1c0 obj/Device_AVR8.o
 .debug_abbrev  0x0000000000000000       0xcb obj/Device_AVR8.o
 .debug_aranges
                0x0000000000000000       0x20 obj/Device_AVR8.o
 .debug_ranges  0x0000000000000000       0x10 obj/Device_AVR8.o
 .debug_line    0x0000000000000000      0x213 obj/Device_AVR8.o
 .debug_str     0x0000000000000000      0x2f9 obj/Device_AVR8.o
 .comment       0x0000000000000000       0x12 obj/Device_AVR8.o
 .debug_frame   0x0000000000000000       0x24 obj/Device_AVR8.o
 .text          0x0000000000000000        0x0 obj/EndpointStream_AVR8.o
 .data          0x0000000000000000        0x0 obj/EndpointStream_AVR8.o
 .bss           0x0000000000000000        0x0 obj/EndpointStream_AVR8.o
 .text.Endpoint_Discard_Stream
                0x0000000000000000       0x8a obj/EndpointStream_AVR8.o
 .text.Endpoint_Null_Stream
                0x0000000000000000       0x8a obj/EndpointStream_AVR8.o
 .text.Endpoint_Write_Stream_BE
                0x0000000000000000       0xa8 obj/EndpointStream_AVR8.o
 .text.Endpoint_Read_Stream_LE
                0x0000000000000000       0x9e obj/EndpointStream_AVR8.o
 .text.Endpoint_Read_Stream_BE
                0x0000000000000000       0xa8 obj/EndpointStream_AVR8.o
 .text.Endpoint_Write_PStream_LE
                0x0000000000000000       0xa0 obj/EndpointStream_AVR8.o
 .text.Endpoint_Write_PStream_BE
                0x0000000000000000       0xaa obj/EndpointStream_AVR8.o
 .text.Endpoint_Write_EStream_LE
                0x0000000000000000       0xa2 obj/EndpointStream_AVR8.o
 .text.Endpoint_Write_EStream_BE
                0x0000000000000000       0xac obj/EndpointStream_AVR8.o
 .text.Endpoint_Read_EStream_LE
                0x0000000000000000       0xa2 obj/EndpointStream_AVR8.o
 .text.Endpoint_Read_EStream_BE
                0x0000000000000000       0xac obj/EndpointStream_AVR8.o
 .text.Endpoint_Write_Control_Stream_BE
                0x0000000000000000       0xc4 obj/EndpointStream_AVR8.o
 .text.Endpoint_Read_Control_Stream_LE
                0x0000000000000000       0x6e obj/EndpointStream_AVR8.o
 .text.Endpoint_Read_Control_Stream_BE
                0x0000000000000000       0x7a obj/EndpointStream_AVR8.o
 .text.Endpoint_Write_Control_PStream_BE
                0x0000000000000000       0xc4 obj/EndpointStream_AVR8.o
 .text.Endpoint_Write_Control_EStream_LE
                0x0000000000000000       0xd8 obj/EndpointStream_AVR8.o
 .text.Endpoint_Write_Control_EStream_BE
                0x0000000000000000       0xe2 obj/EndpointStream_AVR8.o
 .text.Endpoint_Read_Control_EStream_LE
                0x0000000000000000       0x86 obj/EndpointStream_AVR8.o
 .text.Endpoint_Read_Control_EStream_BE
                0x0000000000000000       0x8e obj/EndpointStream_AVR8.o
 .text          0x0000000000000000        0x0 obj/Endpoint_AVR8.o
 .data          0x0000000000000000        0x0 obj/Endpoint_AVR8.o
 .bss           0x0000000000000000        0x0 obj/Endpoint_AVR8.o
 .text.Endpoint_ClearEndpoints
                0x0000000000000000       0x28 obj/Endpoint_AVR8.o
 .text          0x0000000000000000        0x0 obj/Host_AVR8.o
 .data          0x0000000000000000        0x0 obj/Host_AVR8.o
 .bss           0x0000000000000000        0x0 obj/Host_AVR8.o
 .debug_info    0x0000000000000000       0x56 obj/Host_AVR8.o
 .debug_abbrev  0x0000000000000000       0x26 obj/Host_AVR8.o
 .debug_aranges
                0x0000000000000000       0x18 obj/Host_AVR8.o
 .debug_line    0x0000000000000000       0x1d obj/Host_AVR8.o
 .debug_str     0x0000000000000000      0x1c3 obj/Host_AVR8.o
 .comment       0x0000000000000000       0x12 obj/Host_AVR8.o
 .text          0x0000000000000000        0x0 obj/PipeStream_AVR8.o
 .data          0x0000000000000000        0x0 obj/PipeStream_AVR8.o
 .bss           0x0000000000000000        0x0 obj/PipeStream_AVR8.o
 .debug_info    0x0000000000000000       0x56 obj/PipeStream_AVR8.o
 .debug_abbrev  0x0000000000000000       0x26 obj/PipeStream_AVR8.o
 .debug_aranges
                0x0000000000000000       0x18 obj/PipeStream_AVR8.o
 .debug_line    0x0000000000000000       0x1d obj/PipeStream_AVR8.o
 .debug_str     0x0000000000000000      0x1c9 obj/PipeStream_AVR8.o
 .comment       0x0000000000000000       0x12 obj/PipeStream_AVR8.o
 .text          0x0000000000000000        0x0 obj/Pipe_AVR8.o
 .data          0x0000000000000000        0x0 obj/Pipe_AVR8.o
 .bss           0x0000000000000000        0x0 obj/Pipe_AVR8.o
 .debug_info    0x0000000000000000       0x56 obj/Pipe_AVR8.o
 .debug_abbrev  0x0000000000000000       0x26 obj/Pipe_AVR8.o
 .debug_aranges
                0x0000000000000000       0x18 obj/Pipe_AVR8.o
 .debug_line    0x0000000000000000       0x1d obj/Pipe_AVR8.o
 .debug_str     0x0000000000000000      0x1c3 obj/Pipe_AVR8.o
 .comment       0x0000000000000000       0x12 obj/Pipe_AVR8.o
 .text          0x0000000000000000        0x0 obj/USBController_AVR8.o
 .data          0x0000000000000000        0x0 obj/USBController_AVR8.o
 .bss           0x0000000000000000        0x0 obj/USBController_AVR8.o
 .text.USB_Disable
                0x0000000000000000       0x34 obj/USBController_AVR8.o
 .text          0x0000000000000000        0x0 obj/USBInterrupt_AVR8.o
 .data          0x0000000000000000        0x0 obj/USBInterrupt_AVR8.o
 .bss           0x0000000000000000        0x0 obj/USBInterrupt_AVR8.o
 .text          0x0000000000000000        0x0 obj/ConfigDescriptors.o
 .data          0x0000000000000000        0x0 obj/ConfigDescriptors.o
 .bss           0x0000000000000000        0x0 obj/ConfigDescriptors.o
 .text.USB_GetNextDescriptorOfType
                0x0000000000000000       0x4c obj/ConfigDescriptors.o
 .text.USB_GetNextDescriptorOfTypeBefore
                0x0000000000000000       0x54 obj/ConfigDescriptors.o
 .text.USB_GetNextDescriptorOfTypeAfter
                0x0000000000000000       0x3e obj/ConfigDescriptors.o
 .text.USB_GetNextDescriptorComp
                0x0000000000000000       0x88 obj/ConfigDescriptors.o
 .debug_info    0x0000000000000000      0x531 obj/ConfigDescriptors.o
 .debug_abbrev  0x0000000000000000      0x20f obj/ConfigDescriptors.o
 .debug_loc     0x0000000000000000      0x58b obj/ConfigDescriptors.o
 .debug_aranges
                0x0000000000000000       0x38 obj/ConfigDescriptors.o
 .debug_ranges  0x0000000000000000       0x28 obj/ConfigDescriptors.o
 .debug_line    0x0000000000000000      0x457 obj/ConfigDescriptors.o
 .debug_str     0x0000000000000000      0x4fb obj/ConfigDescriptors.o
 .comment       0x0000000000000000       0x12 obj/ConfigDescriptors.o
 .debug_frame   0x0000000000000000       0xbc obj/ConfigDescriptors.o
 .text          0x0000000000000000        0x0 obj/DeviceStandardReq.o
 .data          0x0000000000000000        0x0 obj/DeviceStandardReq.o
 .bss           0x0000000000000000        0x0 obj/DeviceStandardReq.o
 .text          0x0000000000000000        0x0 obj/Events.o
 .data          0x0000000000000000        0x0 obj/Events.o
 .bss           0x0000000000000000        0x0 obj/Events.o
 .text          0x0000000000000000        0x0 obj/HostStandardReq.o
 .data          0x0000000000000000        0x0 obj/HostStandardReq.o
 .bss           0x0000000000000000        0x0 obj/HostStandardReq.o
 .debug_info    0x0000000000000000       0x56 obj/HostStandardReq.o
 .debug_abbrev  0x0000000000000000       0x26 obj/HostStandardReq.o
 .debug_aranges
                0x0000000000000000       0x18 obj/HostStandardReq.o
 .debug_line    0x0000000000000000       0x1d obj/HostStandardReq.o
 .debug_str     0x0000000000000000      0x1c4 obj/HostStandardReq.o
 .comment       0x0000000000000000       0x12 obj/HostStandardReq.o
 .text          0x0000000000000000        0x0 obj/USBTask.o
 .data          0x0000000000000000        0x0 obj/USBTask.o
 .bss           0x0000000000000000        0x0 obj/USBTask.o
 .text          0x0000000000000000        0x0 obj/AudioClassDevice.o
 .data          0x0000000000000000        0x0 obj/AudioClassDevice.o
 .bss           0x0000000000000000        0x0 obj/AudioClassDevice.o
 .text.Audio_Device_ConfigureEndpoints
                0x0000000000000000       0x32 obj/AudioClassDevice.o
 .text.Audio_Device_Event_Stub
                0x0000000000000000        0x2 obj/AudioClassDevice.o
 .text.Audio_Device_ProcessControlRequest
                0x0000000000000000      0x334 obj/AudioClassDevice.o
 .debug_info    0x0000000000000000      0xa09 obj/AudioClassDevice.o
 .debug_abbrev  0x0000000000000000      0x288 obj/AudioClassDevice.o
 .debug_loc     0x0000000000000000      0x358 obj/AudioClassDevice.o
 .debug_aranges
                0x0000000000000000       0x30 obj/AudioClassDevice.o
 .debug_ranges  0x0000000000000000       0x50 obj/AudioClassDevice.o
 .debug_line    0x0000000000000000      0x8cf obj/AudioClassDevice.o
 .debug_str     0x0000000000000000      0x788 obj/AudioClassDevice.o
 .comment       0x0000000000000000       0x12 obj/AudioClassDevice.o
 .debug_frame   0x0000000000000000       0x94 obj/AudioClassDevice.o
 .text          0x0000000000000000        0x0 obj/CDCClassDevice.o
 .data          0x0000000000000000        0x0 obj/CDCClassDevice.o
 .bss           0x0000000000000000        0x0 obj/CDCClassDevice.o
 .text.CDC_Device_SendString_P
                0x0000000000000000       0x4c obj/CDCClassDevice.o
 .text.CDC_Device_SendData
                0x0000000000000000       0x3e obj/CDCClassDevice.o
 .text.CDC_Device_SendData_P
                0x0000000000000000       0x3e obj/CDCClassDevice.o
 .text.CDC_Device_BytesReceived
                0x0000000000000000       0x52 obj/CDCClassDevice.o
 .text.CDC_Device_getchar_Blocking
                0x0000000000000000       0x34 obj/CDCClassDevice.o
 .rodata        0x0000000000000000        0x8 obj/CDCClassDevice.o
 .text.CDC_Device_SendControlLineStateChange
                0x0000000000000000       0x8e obj/CDCClassDevice.o
 .text.CDC_Device_CreateBlockingStream
                0x0000000000000000       0x26 obj/CDCClassDevice.o
 .text          0x0000000000000000        0x0 obj/HIDClassDevice.o
 .data          0x0000000000000000        0x0 obj/HIDClassDevice.o
 .bss           0x0000000000000000        0x0 obj/HIDClassDevice.o
 .text.HID_Device_ProcessControlRequest
                0x0000000000000000      0x27e obj/HIDClassDevice.o
 .text.HID_Device_ConfigureEndpoints
                0x0000000000000000       0x32 obj/HIDClassDevice.o
 .text.HID_Device_USBTask
                0x0000000000000000      0x182 obj/HIDClassDevice.o
 .debug_info    0x0000000000000000      0xb3c obj/HIDClassDevice.o
 .debug_abbrev  0x0000000000000000      0x2d0 obj/HIDClassDevice.o
 .debug_loc     0x0000000000000000      0x400 obj/HIDClassDevice.o
 .debug_aranges
                0x0000000000000000       0x30 obj/HIDClassDevice.o
 .debug_ranges  0x0000000000000000       0x38 obj/HIDClassDevice.o
 .debug_line    0x0000000000000000      0xac9 obj/HIDClassDevice.o
 .debug_str     0x0000000000000000      0x7f5 obj/HIDClassDevice.o
 .comment       0x0000000000000000       0x12 obj/HIDClassDevice.o
 .debug_frame   0x0000000000000000       0xc8 obj/HIDClassDevice.o
 .text          0x0000000000000000        0x0 obj/MassStorageClassDevice.o
 .data          0x0000000000000000        0x0 obj/MassStorageClassDevice.o
 .bss           0x0000000000000000        0x0 obj/MassStorageClassDevice.o
 .text.MS_Device_ProcessControlRequest
                0x0000000000000000       0x7e obj/MassStorageClassDevice.o
 .text.MS_Device_ConfigureEndpoints
                0x0000000000000000       0x3e obj/MassStorageClassDevice.o
 .text.MS_Device_USBTask
                0x0000000000000000      0x23a obj/MassStorageClassDevice.o
 .debug_info    0x0000000000000000      0xb4c obj/MassStorageClassDevice.o
 .debug_abbrev  0x0000000000000000      0x319 obj/MassStorageClassDevice.o
 .debug_loc     0x0000000000000000      0x31d obj/MassStorageClassDevice.o
 .debug_aranges
                0x0000000000000000       0x30 obj/MassStorageClassDevice.o
 .debug_ranges  0x0000000000000000       0x70 obj/MassStorageClassDevice.o
 .debug_line    0x0000000000000000      0xb6f obj/MassStorageClassDevice.o
 .debug_str     0x0000000000000000      0x8d4 obj/MassStorageClassDevice.o
 .comment       0x0000000000000000       0x12 obj/MassStorageClassDevice.o
 .debug_frame   0x0000000000000000       0x80 obj/MassStorageClassDevice.o
 .text          0x0000000000000000        0x0 obj/MIDIClassDevice.o
 .data          0x0000000000000000        0x0 obj/MIDIClassDevice.o
 .bss           0x0000000000000000        0x0 obj/MIDIClassDevice.o
 .text.MIDI_Device_ConfigureEndpoints
                0x0000000000000000       0x32 obj/MIDIClassDevice.o
 .text.MIDI_Device_SendEventPacket
                0x0000000000000000       0x3c obj/MIDIClassDevice.o
 .text.MIDI_Device_Flush
                0x0000000000000000       0x34 obj/MIDIClassDevice.o
 .text.MIDI_Device_USBTask
                0x0000000000000000       0x22 obj/MIDIClassDevice.o
 .text.MIDI_Device_ReceiveEventPacket
                0x0000000000000000       0x4a obj/MIDIClassDevice.o
 .debug_info    0x0000000000000000      0x80e obj/MIDIClassDevice.o
 .debug_abbrev  0x0000000000000000      0x2cb obj/MIDIClassDevice.o
 .debug_loc     0x0000000000000000      0x2d9 obj/MIDIClassDevice.o
 .debug_aranges
                0x0000000000000000       0x40 obj/MIDIClassDevice.o
 .debug_ranges  0x0000000000000000       0x30 obj/MIDIClassDevice.o
 .debug_line    0x0000000000000000      0x696 obj/MIDIClassDevice.o
 .debug_str     0x0000000000000000      0x79e obj/MIDIClassDevice.o
 .comment       0x0000000000000000       0x12 obj/MIDIClassDevice.o
 .debug_frame   0x0000000000000000       0x70 obj/MIDIClassDevice.o
 .text          0x0000000000000000        0x0 obj/PrinterClassDevice.o
 .data          0x0000000000000000        0x0 obj/PrinterClassDevice.o
 .bss           0x0000000000000000        0x0 obj/PrinterClassDevice.o
 .text.PRNT_Device_ConfigureEndpoints
                0x0000000000000000       0x36 obj/PrinterClassDevice.o
 .text.PRNT_Device_SendString
                0x0000000000000000       0x30 obj/PrinterClassDevice.o
 .text.PRNT_Device_SendData
                0x0000000000000000       0x22 obj/PrinterClassDevice.o
 .text.PRNT_Device_SendByte
                0x0000000000000000       0x40 obj/PrinterClassDevice.o
 .text.PRNT_Device_putchar
                0x0000000000000000       0x22 obj/PrinterClassDevice.o
 .text.PRNT_Device_Flush
                0x0000000000000000       0x4c obj/PrinterClassDevice.o
 .text.PRNT_Device_USBTask
                0x0000000000000000       0x9c obj/PrinterClassDevice.o
 .text.PRNT_Device_BytesReceived
                0x0000000000000000       0x42 obj/PrinterClassDevice.o
 .text.PRNT_Device_ReceiveByte
                0x0000000000000000       0x50 obj/PrinterClassDevice.o
 .text.PRNT_Device_getchar
                0x0000000000000000       0x14 obj/PrinterClassDevice.o
 .text.PRNT_Device_getchar_Blocking
                0x0000000000000000       0x34 obj/PrinterClassDevice.o
 .text.PRNT_Device_CreateStream
                0x0000000000000000       0x26 obj/PrinterClassDevice.o
 .text.PRNT_Device_CreateBlockingStream
                0x0000000000000000       0x26 obj/PrinterClassDevice.o
 .text.PRNT_Device_Event_Stub
                0x0000000000000000        0x2 obj/PrinterClassDevice.o
 .text.PRNT_Device_ProcessControlRequest
                0x0000000000000000       0xd6 obj/PrinterClassDevice.o
 .debug_info    0x0000000000000000      0xef9 obj/PrinterClassDevice.o
 .debug_abbrev  0x0000000000000000      0x3ac obj/PrinterClassDevice.o
 .debug_loc     0x0000000000000000      0x83c obj/PrinterClassDevice.o
 .debug_aranges
                0x0000000000000000       0x90 obj/PrinterClassDevice.o
 .debug_ranges  0x0000000000000000       0x98 obj/PrinterClassDevice.o
 .debug_line    0x0000000000000000     0x1033 obj/PrinterClassDevice.o
 .debug_str     0x0000000000000000      0x9f9 obj/PrinterClassDevice.o
 .comment       0x0000000000000000       0x12 obj/PrinterClassDevice.o
 .debug_frame   0x0000000000000000      0x13c obj/PrinterClassDevice.o
 .text          0x0000000000000000        0x0 obj/RNDISClassDevice.o
 .data          0x0000000000000000        0x0 obj/RNDISClassDevice.o
 .bss           0x0000000000000000        0x0 obj/RNDISClassDevice.o
 .text.RNDIS_Device_ProcessControlRequest
                0x0000000000000000      0x4fa obj/RNDISClassDevice.o
 .text.RNDIS_Device_ConfigureEndpoints
                0x0000000000000000       0x62 obj/RNDISClassDevice.o
 .rodata        0x0000000000000000        0x8 obj/RNDISClassDevice.o
 .text.RNDIS_Device_USBTask
                0x0000000000000000       0x80 obj/RNDISClassDevice.o
 .text.RNDIS_Device_IsPacketReceived
                0x0000000000000000       0x28 obj/RNDISClassDevice.o
 .text.RNDIS_Device_ReadPacket
                0x0000000000000000       0xba obj/RNDISClassDevice.o
 .text.RNDIS_Device_SendPacket
                0x0000000000000000       0xe0 obj/RNDISClassDevice.o
 .progmem.data  0x0000000000000000       0x6c obj/RNDISClassDevice.o
 .debug_info    0x0000000000000000     0x13a7 obj/RNDISClassDevice.o
 .debug_abbrev  0x0000000000000000      0x40d obj/RNDISClassDevice.o
 .debug_loc     0x0000000000000000     0x121c obj/RNDISClassDevice.o
 .debug_aranges
                0x0000000000000000       0x48 obj/RNDISClassDevice.o
 .debug_ranges  0x0000000000000000       0x88 obj/RNDISClassDevice.o
 .debug_line    0x0000000000000000      0xfda obj/RNDISClassDevice.o
 .debug_str     0x0000000000000000      0xe54 obj/RNDISClassDevice.o
 .comment       0x0000000000000000       0x12 obj/RNDISClassDevice.o
 .debug_frame   0x0000000000000000      0x114 obj/RNDISClassDevice.o
 .text          0x0000000000000000        0x0 obj/AndroidAccessoryClassHost.o
 .data          0x0000000000000000        0x0 obj/AndroidAccessoryClassHost.o
 .bss           0x0000000000000000        0x0 obj/AndroidAccessoryClassHost.o
 .debug_info    0x0000000000000000       0x56 obj/AndroidAccessoryClassHost.o
 .debug_abbrev  0x0000000000000000       0x26 obj/AndroidAccessoryClassHost.o
 .debug_aranges
                0x0000000000000000       0x18 obj/AndroidAccessoryClassHost.o
 .debug_line    0x0000000000000000       0x1d obj/AndroidAccessoryClassHost.o
 .debug_str     0x0000000000000000      0x1d4 obj/AndroidAccessoryClassHost.o
 .comment       0x0000000000000000       0x12 obj/AndroidAccessoryClassHost.o
 .text          0x0000000000000000        0x0 obj/AudioClassHost.o
 .data          0x0000000000000000        0x0 obj/AudioClassHost.o
 .bss           0x0000000000000000        0x0 obj/AudioClassHost.o
 .debug_info    0x0000000000000000       0x56 obj/AudioClassHost.o
 .debug_abbrev  0x0000000000000000       0x26 obj/AudioClassHost.o
 .debug_aranges
                0x0000000000000000       0x18 obj/AudioClassHost.o
 .debug_line    0x0000000000000000       0x1d obj/AudioClassHost.o
 .debug_str     0x0000000000000000      0x1c9 obj/AudioClassHost.o
 .comment       0x0000000000000000       0x12 obj/AudioClassHost.o
 .text          0x0000000000000000        0x0 obj/CDCClassHost.o
 .data          0x0000000000000000        0x0 obj/CDCClassHost.o
 .bss           0x0000000000000000        0x0 obj/CDCClassHost.o
 .debug_info    0x0000000000000000       0x56 obj/CDCClassHost.o
 .debug_abbrev  0x0000000000000000       0x26 obj/CDCClassHost.o
 .debug_aranges
                0x0000000000000000       0x18 obj/CDCClassHost.o
 .debug_line    0x0000000000000000       0x1d obj/CDCClassHost.o
 .debug_str     0x0000000000000000      0x1c7 obj/CDCClassHost.o
 .comment       0x0000000000000000       0x12 obj/CDCClassHost.o
 .text          0x0000000000000000        0x0 obj/HIDClassHost.o
 .data          0x0000000000000000        0x0 obj/HIDClassHost.o
 .bss           0x0000000000000000        0x0 obj/HIDClassHost.o
 .debug_info    0x0000000000000000       0x56 obj/HIDClassHost.o
 .debug_abbrev  0x0000000000000000       0x26 obj/HIDClassHost.o
 .debug_aranges
                0x0000000000000000       0x18 obj/HIDClassHost.o
 .debug_line    0x0000000000000000       0x1d obj/HIDClassHost.o
 .debug_str     0x0000000000000000      0x1c7 obj/HIDClassHost.o
 .comment       0x0000000000000000       0x12 obj/HIDClassHost.o
 .text          0x0000000000000000        0x0 obj/MassStorageClassHost.o
 .data          0x0000000000000000        0x0 obj/MassStorageClassHost.o
 .bss           0x0000000000000000        0x0 obj/MassStorageClassHost.o
 .debug_info    0x0000000000000000       0x56 obj/MassStorageClassHost.o
 .debug_abbrev  0x0000000000000000       0x26 obj/MassStorageClassHost.o
 .debug_aranges
                0x0000000000000000       0x18 obj/MassStorageClassHost.o
 .debug_line    0x0000000000000000       0x1d obj/MassStorageClassHost.o
 .debug_str     0x0000000000000000      0x1cf obj/MassStorageClassHost.o
 .comment       0x0000000000000000       0x12 obj/MassStorageClassHost.o
 .text          0x0000000000000000        0x0 obj/MIDIClassHost.o
 .data          0x0000000000000000        0x0 obj/MIDIClassHost.o
 .bss           0x0000000000000000        0x0 obj/MIDIClassHost.o
 .debug_info    0x0000000000000000       0x56 obj/MIDIClassHost.o
 .debug_abbrev  0x0000000000000000       0x26 obj/MIDIClassHost.o
 .debug_aranges
                0x0000000000000000       0x18 obj/MIDIClassHost.o
 .debug_line    0x0000000000000000       0x1d obj/MIDIClassHost.o
 .debug_str     0x0000000000000000      0x1c8 obj/MIDIClassHost.o
 .comment       0x0000000000000000       0x12 obj/MIDIClassHost.o
 .text          0x0000000000000000        0x0 obj/PrinterClassHost.o
 .data          0x0000000000000000        0x0 obj/PrinterClassHost.o
 .bss           0x0000000000000000        0x0 obj/PrinterClassHost.o
 .debug_info    0x0000000000000000       0x56 obj/PrinterClassHost.o
 .debug_abbrev  0x0000000000000000       0x26 obj/PrinterClassHost.o
 .debug_aranges
                0x0000000000000000       0x18 obj/PrinterClassHost.o
 .debug_line    0x0000000000000000       0x1d obj/PrinterClassHost.o
 .debug_str     0x0000000000000000      0x1cb obj/PrinterClassHost.o
 .comment       0x0000000000000000       0x12 obj/PrinterClassHost.o
 .text          0x0000000000000000        0x0 obj/RNDISClassHost.o
 .data          0x0000000000000000        0x0 obj/RNDISClassHost.o
 .bss           0x0000000000000000        0x0 obj/RNDISClassHost.o
 .debug_info    0x0000000000000000       0x56 obj/RNDISClassHost.o
 .debug_abbrev  0x0000000000000000       0x26 obj/RNDISClassHost.o
 .debug_aranges
                0x0000000000000000       0x18 obj/RNDISClassHost.o
 .debug_line    0x0000000000000000       0x1d obj/RNDISClassHost.o
 .debug_str     0x0000000000000000      0x1c9 obj/RNDISClassHost.o
 .comment       0x0000000000000000       0x12 obj/RNDISClassHost.o
 .text          0x0000000000000000        0x0 obj/StillImageClassHost.o
 .data          0x0000000000000000        0x0 obj/StillImageClassHost.o
 .bss           0x0000000000000000        0x0 obj/StillImageClassHost.o
 .debug_info    0x0000000000000000       0x56 obj/StillImageClassHost.o
 .debug_abbrev  0x0000000000000000       0x26 obj/StillImageClassHost.o
 .debug_aranges
                0x0000000000000000       0x18 obj/StillImageClassHost.o
 .debug_line    0x0000000000000000       0x1d obj/StillImageClassHost.o
 .debug_str     0x0000000000000000      0x1ce obj/StillImageClassHost.o
 .comment       0x0000000000000000       0x12 obj/StillImageClassHost.o
 .text          0x0000000000000000        0x0 /usr/lib/gcc/avr/9.1.0/avr5/libgcc.a(_exit.o)
 .data          0x0000000000000000        0x0 /usr/lib/gcc/avr/9.1.0/avr5/libgcc.a(_exit.o)
 .bss           0x0000000000000000        0x0 /usr/lib/gcc/avr/9.1.0/avr5/libgcc.a(_exit.o)
 .text.libgcc.mul
                0x0000000000000000        0x0 /usr/lib/gcc/avr/9.1.0/avr5/libgcc.a(_exit.o)
 .text.libgcc.div
                0x0000000000000000        0x0 /usr/lib/gcc/avr/9.1.0/avr5/libgcc.a(_exit.o)
 .text.libgcc   0x0000000000000000        0x0 /usr/lib/gcc/avr/9.1.0/avr5/libgcc.a(_exit.o)
 .text.libgcc.prologue
                0x0000000000000000        0x0 /usr/lib/gcc/avr/9.1.0/avr5/libgcc.a(_exit.o)
 .text.libgcc.builtins
                0x0000000000000000        0x0 /usr/lib/gcc/avr/9.1.0/avr5/libgcc.a(_exit.o)
 .text.libgcc.fmul
                0x0000000000000000        0x0 /usr/lib/gcc/avr/9.1.0/avr5/libgcc.a(_exit.o)
 .text.libgcc.fixed
                0x0000000000000000        0x0 /usr/lib/gcc/avr/9.1.0/avr5/libgcc.a(_exit.o)
 .text          0x0000000000000000        0x0 /usr/lib/gcc/avr/9.1.0/avr5/libgcc.a(_copy_data.o)
 .data          0x0000000000000000        0x0 /usr/lib/gcc/avr/9.1.0/avr5/libgcc.a(_copy_data.o)
 .bss           0x0000000000000000        0x0 /usr/lib/gcc/avr/9.1.0/avr5/libgcc.a(_copy_data.o)
 .text.libgcc.mul
                0x0000000000000000        0x0 /usr/lib/gcc/avr/9.1.0/avr5/libgcc.a(_copy_data.o)
 .text.libgcc.div
                0x0000000000000000        0x0 /usr/lib/gcc/avr/9.1.0/avr5/libgcc.a(_copy_data.o)
 .text.libgcc   0x0000000000000000        0x0 /usr/lib/gcc/avr/9.1.0/avr5/libgcc.a(_copy_data.o)
 .text.libgcc.prologue
                0x0000000000000000        0x0 /usr/lib/gcc/avr/9.1.0/avr5/libgcc.a(_copy_data.o)
 .text.libgcc.builtins
                0x0000000000000000        0x0 /usr/lib/gcc/avr/9.1.0/avr5/libgcc.a(_copy_data.o)
 .text.libgcc.fmul
                0x0000000000000000        0x0 /usr/lib/gcc/avr/9.1.0/avr5/libgcc.a(_copy_data.o)
 .text.libgcc.fixed
                0x0000000000000000        0x0 /usr/lib/gcc/avr/9.1.0/avr5/libgcc.a(_copy_data.o)
 .text          0x0000000000000000        0x0 /usr/lib/gcc/avr/9.1.0/avr5/libgcc.a(_clear_bss.o)
 .data          0x0000000000000000        0x0 /usr/lib/gcc/avr/9.1.0/avr5/libgcc.a(_clear_bss.o)
 .bss           0x0000000000000000        0x0 /usr/lib/gcc/avr/9.1.0/avr5/libgcc.a(_clear_bss.o)
 .text.libgcc.mul
                0x0000000000000000        0x0 /usr/lib/gcc/avr/9.1.0/avr5/libgcc.a(_clear_bss.o)
 .text.libgcc.div
                0x0000000000000000        0x0 /usr/lib/gcc/avr/9.1.0/avr5/libgcc.a(_clear_bss.o)
 .text.libgcc   0x0000000000000000        0x0 /usr/lib/gcc/avr/9.1.0/avr5/libgcc.a(_clear_bss.o)
 .text.libgcc.prologue
                0x0000000000000000        0x0 /usr/lib/gcc/avr/9.1.0/avr5/libgcc.a(_clear_bss.o)
 .text.libgcc.builtins
                0x0000000000000000        0x0 /usr/lib/gcc/avr/9.1.0/avr5/libgcc.a(_clear_bss.o)
 .text.libgcc.fmul
                0x0000000000000000        0x0 /usr/lib/gcc/avr/9.1.0/avr5/libgcc.a(_clear_bss.o)
 .text.libgcc.fixed
                0x0000000000000000        0x0 /usr/lib/gcc/avr/9.1.0/avr5/libgcc.a(_clear_bss.o)
 .text          0x0000000000000000        0x0 /usr/lib/gcc/avr/9.1.0/../../../../avr/lib/avr5/libc.a(memcpy_P.o)
 .data          0x0000000000000000        0x0 /usr/lib/gcc/avr/9.1.0/../../../../avr/lib/avr5/libc.a(memcpy_P.o)
 .bss           0x0000000000000000        0x0 /usr/lib/gcc/avr/9.1.0/../../../../avr/lib/avr5/libc.a(memcpy_P.o)
 .text.avr-libc
                0x0000000000000000       0x12 /usr/lib/gcc/avr/9.1.0/../../../../avr/lib/avr5/libc.a(memcpy_P.o)
 .text          0x0000000000000000        0x0 /usr/lib/gcc/avr/9.1.0/../../../../avr/lib/avr5/libc.a(strlen_P.o)
 .data          0x0000000000000000        0x0 /usr/lib/gcc/avr/9.1.0/../../../../avr/lib/avr5/libc.a(strlen_P.o)
 .bss           0x0000000000000000        0x0 /usr/lib/gcc/avr/9.1.0/../../../../avr/lib/avr5/libc.a(strlen_P.o)
 .text.avr-libc
                0x0000000000000000       0x12 /usr/lib/gcc/avr/9.1.0/../../../../avr/lib/avr5/libc.a(strlen_P.o)
 .text          0x0000000000000000        0x0 /usr/lib/gcc/avr/9.1.0/../../../../avr/lib/avr5/libc.a(memcmp.o)
 .data          0x0000000000000000        0x0 /usr/lib/gcc/avr/9.1.0/../../../../avr/lib/avr5/libc.a(memcmp.o)
 .bss           0x0000000000000000        0x0 /usr/lib/gcc/avr/9.1.0/../../../../avr/lib/avr5/libc.a(memcmp.o)
 .text.avr-libc
                0x0000000000000000       0x1a /usr/lib/gcc/avr/9.1.0/../../../../avr/lib/avr5/libc.a(memcmp.o)
 .text          0x0000000000000000        0x0 /usr/lib/gcc/avr/9.1.0/../../../../avr/lib/avr5/libc.a(memcpy.o)
 .data          0x0000000000000000        0x0 /usr/lib/gcc/avr/9.1.0/../../../../avr/lib/avr5/libc.a(memcpy.o)
 .bss           0x0000000000000000        0x0 /usr/lib/gcc/avr/9.1.0/../../../../avr/lib/avr5/libc.a(memcpy.o)
 .text.avr-libc
                0x0000000000000000       0x12 /usr/lib/gcc/avr/9.1.0/../../../../avr/lib/avr5/libc.a(memcpy.o)
 .text          0x0000000000000000        0x0 /usr/lib/gcc/avr/9.1.0/../../../../avr/lib/avr5/libc.a(memset.o)
 .data          0x0000000000000000        0x0 /usr/lib/gcc/avr/9.1.0/../../../../avr/lib/avr5/libc.a(memset.o)
 .bss           0x0000000000000000        0x0 /usr/lib/gcc/avr/9.1.0/../../../../avr/lib/avr5/libc.a(memset.o)
 .text.avr-libc
                0x0000000000000000        0xe /usr/lib/gcc/avr/9.1.0/../../../../avr/lib/avr5/libc.a(memset.o)
 .text          0x0000000000000000        0x0 /usr/lib/gcc/avr/9.1.0/../../../../avr/lib/avr5/libatmega32u4.a(eerd_byte.o)
 .data          0x0000000000000000        0x0 /usr/lib/gcc/avr/9.1.0/../../../../avr/lib/avr5/libatmega32u4.a(eerd_byte.o)
 .bss           0x0000000000000000        0x0 /usr/lib/gcc/avr/9.1.0/../../../../avr/lib/avr5/libatmega32u4.a(eerd_byte.o)
 .text.avr-libc
                0x0000000000000000       0x10 /usr/lib/gcc/avr/9.1.0/../../../../avr/lib/avr5/libatmega32u4.a(eerd_byte.o)
 .text          0x0000000000000000        0x0 /usr/lib/gcc/avr/9.1.0/../../../../avr/lib/avr5/libatmega32u4.a(eeupd_byte.o)
 .data          0x0000000000000000        0x0 /usr/lib/gcc/avr/9.1.0/../../../../avr/lib/avr5/libatmega32u4.a(eeupd_byte.o)
 .bss           0x0000000000000000        0x0 /usr/lib/gcc/avr/9.1.0/../../../../avr/lib/avr5/libatmega32u4.a(eeupd_byte.o)
 .text.avr-libc
                0x0000000000000000       0x24 /usr/lib/gcc/avr/9.1.0/../../../../avr/lib/avr5/libatmega32u4.a(eeupd_byte.o)

Memory Configuration

Name             Origin             Length             Attributes
text             0x0000000000000000 0x0000000000020000 xr
data             0x0000000000800060 0x000000000000ffa0 rw !x
eeprom           0x0000000000810000 0x0000000000010000 rw !x
fuse             0x0000000000820000 0x0000000000000400 rw !x
lock             0x0000000000830000 0x0000000000000400 rw !x
signature        0x0000000000840000 0x0000000000000400 rw !x
user_signatures  0x0000000000850000 0x0000000000000400 rw !x
*default*        0x0000000000000000 0xffffffffffffffff

Linker script and memory map

Address of section .data set to 0x800100
LOAD /usr/lib/gcc/avr/9.1.0/../../../../avr/lib/avr5/crtatmega32u4.o
LOAD obj/main.o
LOAD obj/flash.o
LOAD obj/spi.o
LOAD obj/Descriptors.o
LOAD obj/HIDParser.o
LOAD obj/Device_AVR8.o
LOAD obj/EndpointStream_AVR8.o
LOAD obj/Endpoint_AVR8.o
LOAD obj/Host_AVR8.o
LOAD obj/PipeStream_AVR8.o
LOAD obj/Pipe_AVR8.o
LOAD obj/USBController_AVR8.o
LOAD obj/USBInterrupt_AVR8.o
LOAD obj/ConfigDescriptors.o
LOAD obj/DeviceStandardReq.o
LOAD obj/Events.o
LOAD obj/HostStandardReq.o
LOAD obj/USBTask.o
LOAD obj/AudioClassDevice.o
LOAD obj/CDCClassDevice.o
LOAD obj/HIDClassDevice.o
LOAD obj/MassStorageClassDevice.o
LOAD obj/MIDIClassDevice.o
LOAD obj/PrinterClassDevice.o
LOAD obj/RNDISClassDevice.o
LOAD obj/AndroidAccessoryClassHost.o
LOAD obj/AudioClassHost.o
LOAD obj/CDCClassHost.o
LOAD obj/HIDClassHost.o
LOAD obj/MassStorageClassHost.o
LOAD obj/MIDIClassHost.o
LOAD obj/PrinterClassHost.o
LOAD obj/RNDISClassHost.o
LOAD obj/StillImageClassHost.o
LOAD /usr/lib/gcc/avr/9.1.0/../../../../avr/lib/avr5/libm.a
START GROUP
LOAD /usr/lib/gcc/avr/9.1.0/avr5/libgcc.a
LOAD /usr/lib/gcc/avr/9.1.0/../../../../avr/lib/avr5/libm.a
LOAD /usr/lib/gcc/avr/9.1.0/../../../../avr/lib/avr5/libc.a
LOAD /usr/lib/gcc/avr/9.1.0/../../../../avr/lib/avr5/libatmega32u4.a
END GROUP
                0x0000000000020000                __TEXT_REGION_LENGTH__ = DEFINED (__TEXT_REGION_LENGTH__)?__TEXT_REGION_LENGTH__:0x20000
                0x000000000000ffa0                __DATA_REGION_LENGTH__ = DEFINED (__DATA_REGION_LENGTH__)?__DATA_REGION_LENGTH__:0xffa0
                0x0000000000010000                __EEPROM_REGION_LENGTH__ = DEFINED (__EEPROM_REGION_LENGTH__)?__EEPROM_REGION_LENGTH__:0x10000
                0x0000000000000400                __FUSE_REGION_LENGTH__ = DEFINED (__FUSE_REGION_LENGTH__)?__FUSE_REGION_LENGTH__:0x400
                0x0000000000000400                __LOCK_REGION_LENGTH__ = DEFINED (__LOCK_REGION_LENGTH__)?__LOCK_REGION_LENGTH__:0x400
                0x0000000000000400                __SIGNATURE_REGION_LENGTH__ = DEFINED (__SIGNATURE_REGION_LENGTH__)?__SIGNATURE_REGION_LENGTH__:0x400
                0x0000000000000400                __USER_SIGNATURE_REGION_LENGTH__ = DEFINED (__USER_SIGNATURE_REGION_LENGTH__)?__USER_SIGNATURE_REGION_LENGTH__:0x400

.hash
 *(.hash)

.dynsym
 *(.dynsym)

.dynstr
 *(.dynstr)

.gnu.version
 *(.gnu.version)

.gnu.version_d
 *(.gnu.version_d)

.gnu.version_r
 *(.gnu.version_r)

.rel.init
 *(.rel.init)

.rela.init
 *(.rela.init)

.rel.text
 *(.rel.text)
 *(.rel.text.*)
 *(.rel.gnu.linkonce.t*)

.rela.text
 *(.rela.text)
 *(.rela.text.*)
 *(.rela.gnu.linkonce.t*)

.rel.fini
 *(.rel.fini)

.rela.fini
 *(.rela.fini)

.rel.rodata
 *(.rel.rodata)
 *(.rel.rodata.*)
 *(.rel.gnu.linkonce.r*)

.rela.rodata
 *(.rela.rodata)
 *(.rela.rodata.*)
 *(.rela.gnu.linkonce.r*)

.rel.data
 *(.rel.data)
 *(.rel.data.*)
 *(.rel.gnu.linkonce.d*)

.rela.data
 *(.rela.data)
 *(.rela.data.*)
 *(.rela.gnu.linkonce.d*)

.rel.ctors
 *(.rel.ctors)

.rela.ctors
 *(.rela.ctors)

.rel.dtors
 *(.rel.dtors)

.rela.dtors
 *(.rela.dtors)

.rel.got
 *(.rel.got)

.rela.got
 *(.rela.got)

.rel.bss
 *(.rel.bss)

.rela.bss
 *(.rela.bss)

.rel.plt
 *(.rel.plt)

.rela.plt
 *(.rela.plt)

.text           0x0000000000000000     0x15fc
 *(.vectors)
 .vectors       0x0000000000000000       0xac /usr/lib/gcc/avr/9.1.0/../../../../avr/lib/avr5/crtatmega32u4.o
                0x0000000000000000                __vectors
                0x0000000000000000                __vector_default
 *(.vectors)
 *(.progmem.gcc*)
                0x00000000000000ac                . = ALIGN (0x2)
                0x00000000000000ac                __trampolines_start = .
 *(.trampolines)
 .trampolines   0x00000000000000ac        0x0 linker stubs
 *(.trampolines*)
                0x00000000000000ac                __trampolines_end = .
 *libprintf_flt.a:*(.progmem.data)
 *libc.a:*(.progmem.data)
 *(.progmem.*)
 .progmem.data  0x00000000000000ac       0x8c obj/Descriptors.o
                0x00000000000000ac                ProductString
                0x00000000000000ca                ManufacturerString
                0x00000000000000e4                LanguageString
                0x00000000000000e8                ConfigurationDescriptor
                0x0000000000000126                DeviceDescriptor
                0x0000000000000138                . = ALIGN (0x2)
 *(.lowtext)
 *(.lowtext*)
                0x0000000000000138                __ctors_start = .
 *(.ctors)
                0x0000000000000138                __ctors_end = .
                0x0000000000000138                __dtors_start = .
 *(.dtors)
                0x0000000000000138                __dtors_end = .
 SORT_BY_NAME(*)(.ctors)
 SORT_BY_NAME(*)(.dtors)
 *(.init0)
 .init0         0x0000000000000138        0x0 /usr/lib/gcc/avr/9.1.0/../../../../avr/lib/avr5/crtatmega32u4.o
                0x0000000000000138                __init
 *(.init0)
 *(.init1)
 *(.init1)
 *(.init2)
 .init2         0x0000000000000138        0xc /usr/lib/gcc/avr/9.1.0/../../../../avr/lib/avr5/crtatmega32u4.o
 *(.init2)
 *(.init3)
 *(.init3)
 *(.init4)
 .init4         0x0000000000000144       0x16 /usr/lib/gcc/avr/9.1.0/avr5/libgcc.a(_copy_data.o)
                0x0000000000000144                __do_copy_data
 .init4         0x000000000000015a       0x10 /usr/lib/gcc/avr/9.1.0/avr5/libgcc.a(_clear_bss.o)
                0x000000000000015a                __do_clear_bss
 *(.init4)
 *(.init5)
 *(.init5)
 *(.init6)
 *(.init6)
 *(.init7)
 *(.init7)
 *(.init8)
 *(.init8)
 *(.init9)
 .init9         0x000000000000016a        0x6 /usr/lib/gcc/avr/9.1.0/../../../../avr/lib/avr5/crtatmega32u4.o
 *(.init9)
 *(.text)
 .text          0x0000000000000170        0x2 /usr/lib/gcc/avr/9.1.0/../../../../avr/lib/avr5/crtatmega32u4.o
                0x0000000000000170                __vector_38
                0x0000000000000170                __vector_22
                0x0000000000000170                __vector_28
                0x0000000000000170                __vector_1
                0x0000000000000170                __vector_32
                0x0000000000000170                __vector_34
                0x0000000000000170                __vector_24
                0x0000000000000170                __vector_12
                0x0000000000000170                __bad_interrupt
                0x0000000000000170                __vector_6
                0x0000000000000170                __vector_31
                0x0000000000000170                __vector_35
                0x0000000000000170                __vector_39
                0x0000000000000170                __vector_3
                0x0000000000000170                __vector_23
                0x0000000000000170                __vector_30
                0x0000000000000170                __vector_25
                0x0000000000000170                __vector_13
                0x0000000000000170                __vector_17
                0x0000000000000170                __vector_19
                0x0000000000000170                __vector_7
                0x0000000000000170                __vector_41
                0x0000000000000170                __vector_27
                0x0000000000000170                __vector_5
                0x0000000000000170                __vector_33
                0x0000000000000170                __vector_37
                0x0000000000000170                __vector_4
                0x0000000000000170                __vector_9
                0x0000000000000170                __vector_2
                0x0000000000000170                __vector_15
                0x0000000000000170                __vector_36
                0x0000000000000170                __vector_29
                0x0000000000000170                __vector_40
                0x0000000000000170                __vector_8
                0x0000000000000170                __vector_26
                0x0000000000000170                __vector_14
                0x0000000000000170                __vector_16
                0x0000000000000170                __vector_18
                0x0000000000000170                __vector_20
                0x0000000000000170                __vector_42
                0x0000000000000172                . = ALIGN (0x2)
 *(.text.*)
 .text.ledInit  0x0000000000000172        0xa obj/main.o
                0x0000000000000172                ledInit
 .text.buttonInit
                0x000000000000017c       0x16 obj/main.o
                0x000000000000017c                buttonInit
 .text.relayInit
                0x0000000000000192        0xa obj/main.o
                0x0000000000000192                relayInit
 .text.relay    0x000000000000019c       0x2c obj/main.o
                0x000000000000019c                relay
 .text.pttInit  0x00000000000001c8        0x6 obj/main.o
                0x00000000000001c8                pttInit
 .text.ptt      0x00000000000001ce        0xc obj/main.o
                0x00000000000001ce                ptt
 .text.pwm_init
                0x00000000000001da       0x18 obj/main.o
                0x00000000000001da                pwm_init
 .text.timerInit
                0x00000000000001f2       0x12 obj/main.o
                0x00000000000001f2                timerInit
 .text.timerStart
                0x0000000000000204       0x12 obj/main.o
                0x0000000000000204                timerStart
 .text.seekToTrack
                0x0000000000000216       0x6a obj/main.o
                0x0000000000000216                seekToTrack
 .text.EVENT_USB_Device_Connect
                0x0000000000000280        0x2 obj/main.o
                0x0000000000000280                EVENT_USB_Device_Connect
 .text.EVENT_USB_Device_Disconnect
                0x0000000000000282        0x2 obj/main.o
                0x0000000000000282                EVENT_USB_Device_Disconnect
 .text.EVENT_USB_Device_ConfigurationChanged
                0x0000000000000284        0x6 obj/main.o
                0x0000000000000284                EVENT_USB_Device_ConfigurationChanged
 .text.EVENT_USB_Device_ControlRequest
                0x000000000000028a        0x8 obj/main.o
                0x000000000000028a                EVENT_USB_Device_ControlRequest
 .text.EVENT_CDC_Device_ControLineStateChanged
                0x0000000000000292        0x2 obj/main.o
                0x0000000000000292                EVENT_CDC_Device_ControLineStateChanged
 .text.hex2dec  0x0000000000000294       0x28 obj/main.o
                0x0000000000000294                hex2dec
 .text.get_hex_byte
                0x00000000000002bc       0x24 obj/main.o
                0x00000000000002bc                get_hex_byte
 .text.get_hex_dword
                0x00000000000002e0       0x90 obj/main.o
                0x00000000000002e0                get_hex_dword
 .text.send_byte_hex
                0x0000000000000370       0x46 obj/main.o
                0x0000000000000370                send_byte_hex
 .text.send_lf  0x00000000000003b6        0xa obj/main.o
                0x00000000000003b6                send_lf
 .text.send_string
                0x00000000000003c0        0x8 obj/main.o
                0x00000000000003c0                send_string
 .text.startup.main
                0x00000000000003c8      0x2a0 obj/main.o
                0x00000000000003c8                main
 .text.__vector_21
                0x0000000000000668      0x172 obj/main.o
                0x0000000000000668                __vector_21
 .text.readSample
                0x00000000000007da       0x2a obj/flash.o
                0x00000000000007da                readSample
 .text.erase_block
                0x0000000000000804       0x32 obj/flash.o
                0x0000000000000804                erase_block
 .text.program_start
                0x0000000000000836       0x2c obj/flash.o
                0x0000000000000836                program_start
 .text.program_byte
                0x0000000000000862        0x2 obj/flash.o
                0x0000000000000862                program_byte
 .text.write_in_progress
                0x0000000000000864       0x14 obj/flash.o
                0x0000000000000864                write_in_progress
 .text.program_end
                0x0000000000000878        0x6 obj/flash.o
                0x0000000000000878                program_end
 .text.initRead
                0x000000000000087e       0x36 obj/flash.o
                0x000000000000087e                initRead
 .text.spi_init
                0x00000000000008b4        0xe obj/spi.o
                0x00000000000008b4                spi_init
 .text.spi_transmit_receive
                0x00000000000008c2       0x1c obj/spi.o
                0x00000000000008c2                spi_transmit_receive
 .text.CALLBACK_USB_GetDescriptor
                0x00000000000008de       0x62 obj/Descriptors.o
                0x00000000000008de                CALLBACK_USB_GetDescriptor
 .text.Endpoint_Write_Stream_LE
                0x0000000000000940       0x9a obj/EndpointStream_AVR8.o
                0x0000000000000940                Endpoint_Write_Stream_LE
 .text.Endpoint_Write_Control_Stream_LE
                0x00000000000009da       0xb4 obj/EndpointStream_AVR8.o
                0x00000000000009da                Endpoint_Write_Control_Stream_LE
 .text.Endpoint_Write_Control_PStream_LE
                0x0000000000000a8e       0xb6 obj/EndpointStream_AVR8.o
                0x0000000000000a8e                Endpoint_Write_Control_PStream_LE
 .text.Endpoint_ConfigureEndpoint_Prv
                0x0000000000000b44       0x68 obj/Endpoint_AVR8.o
                0x0000000000000b44                Endpoint_ConfigureEndpoint_Prv
 .text.Endpoint_ConfigureEndpointTable
                0x0000000000000bac       0x78 obj/Endpoint_AVR8.o
                0x0000000000000bac                Endpoint_ConfigureEndpointTable
 .text.Endpoint_ClearStatusStage
                0x0000000000000c24       0x3e obj/Endpoint_AVR8.o
                0x0000000000000c24                Endpoint_ClearStatusStage
 .text.Endpoint_WaitUntilReady
                0x0000000000000c62       0x62 obj/Endpoint_AVR8.o
                0x0000000000000c62                Endpoint_WaitUntilReady
 .text.USB_ResetInterface
                0x0000000000000cc4       0x80 obj/USBController_AVR8.o
                0x0000000000000cc4                USB_ResetInterface
 .text.USB_Init
                0x0000000000000d44       0x20 obj/USBController_AVR8.o
                0x0000000000000d44                USB_Init
 .text.USB_INT_DisableAllInterrupts
                0x0000000000000d64       0x10 obj/USBInterrupt_AVR8.o
                0x0000000000000d64                USB_INT_DisableAllInterrupts
 .text.USB_INT_ClearAllInterrupts
                0x0000000000000d74        0xa obj/USBInterrupt_AVR8.o
                0x0000000000000d74                USB_INT_ClearAllInterrupts
 .text.__vector_10
                0x0000000000000d7e      0x198 obj/USBInterrupt_AVR8.o
                0x0000000000000d7e                __vector_10
 .text.__vector_11
                0x0000000000000f16       0x86 obj/USBInterrupt_AVR8.o
                0x0000000000000f16                __vector_11
 .text.USB_Device_ProcessControlRequest
                0x0000000000000f9c      0x2b4 obj/DeviceStandardReq.o
                0x0000000000000f9c                USB_Device_ProcessControlRequest
 .text.USB_Event_Stub
                0x0000000000001250        0x2 obj/Events.o
                0x0000000000001250                EVENT_USB_Device_WakeUp
                0x0000000000001250                USB_Event_Stub
                0x0000000000001250                EVENT_USB_Device_Suspend
                0x0000000000001250                EVENT_USB_Device_StartOfFrame
                0x0000000000001250                EVENT_USB_Device_Reset
 .text.USB_USBTask
                0x0000000000001252       0x34 obj/USBTask.o
                0x0000000000001252                USB_USBTask
 .text.CDC_Device_ConfigureEndpoints
                0x0000000000001286       0x4a obj/CDCClassDevice.o
                0x0000000000001286                CDC_Device_ConfigureEndpoints
 .text.CDC_Device_SendString
                0x00000000000012d0       0x3e obj/CDCClassDevice.o
                0x00000000000012d0                CDC_Device_SendString
 .text.CDC_Device_SendByte
                0x000000000000130e       0x4e obj/CDCClassDevice.o
                0x000000000000130e                CDC_Device_SendByte
 .text.CDC_Device_putchar
                0x000000000000135c       0x20 obj/CDCClassDevice.o
 .text.CDC_Device_Flush
                0x000000000000137c       0x5a obj/CDCClassDevice.o
                0x000000000000137c                CDC_Device_Flush
 .text.CDC_Device_USBTask
                0x00000000000013d6       0x30 obj/CDCClassDevice.o
                0x00000000000013d6                CDC_Device_USBTask
 .text.CDC_Device_ReceiveByte
                0x0000000000001406       0x60 obj/CDCClassDevice.o
                0x0000000000001406                CDC_Device_ReceiveByte
 .text.CDC_Device_getchar
                0x0000000000001466       0x12 obj/CDCClassDevice.o
 .text.CDC_Device_CreateStream
                0x0000000000001478       0x26 obj/CDCClassDevice.o
                0x0000000000001478                CDC_Device_CreateStream
 .text.CDC_Device_Event_Stub
                0x000000000000149e        0x2 obj/CDCClassDevice.o
                0x000000000000149e                EVENT_CDC_Device_LineEncodingChanged
                0x000000000000149e                EVENT_CDC_Device_BreakSent
                0x000000000000149e                CDC_Device_Event_Stub
 .text.CDC_Device_ProcessControlRequest
                0x00000000000014a0      0x158 obj/CDCClassDevice.o
                0x00000000000014a0                CDC_Device_ProcessControlRequest
                0x00000000000015f8                . = ALIGN (0x2)
 *(.fini9)
 .fini9         0x00000000000015f8        0x0 /usr/lib/gcc/avr/9.1.0/avr5/libgcc.a(_exit.o)
                0x00000000000015f8                exit
                0x00000000000015f8                _exit
 *(.fini9)
 *(.fini8)
 *(.fini8)
 *(.fini7)
 *(.fini7)
 *(.fini6)
 *(.fini6)
 *(.fini5)
 *(.fini5)
 *(.fini4)
 *(.fini4)
 *(.fini3)
 *(.fini3)
 *(.fini2)
 *(.fini2)
 *(.fini1)
 *(.fini1)
 *(.fini0)
 .fini0         0x00000000000015f8        0x4 /usr/lib/gcc/avr/9.1.0/avr5/libgcc.a(_exit.o)
 *(.fini0)
 *(.hightext)
 *(.hightext*)
 *(.progmemx.*)
                0x00000000000015fc                . = ALIGN (0x2)
 *(.jumptables)
 *(.jumptables*)
                0x00000000000015fc                _etext = .

.data           0x0000000000800100       0x48 load address 0x00000000000015fc
                0x0000000000800100                PROVIDE (__data_start = .)
 *(.data)
 .data          0x0000000000800100       0x44 obj/main.o
                0x0000000000800100                ledPattern
                0x0000000000800108                sampleLength
                0x0000000000800118                sampleStart
                0x0000000000800128                samples
                0x0000000000800129                VirtualSerial_CDC_Interface
 *(.data*)
 *(.gnu.linkonce.d*)
 *(.rodata)
 *(.rodata*)
 .rodata.str1.1
                0x0000000000800144        0x4 obj/main.o
                                          0x6 (size before relaxing)
 *(.gnu.linkonce.r*)
                0x0000000000800148                . = ALIGN (0x2)
                0x0000000000800148                _edata = .
                0x0000000000800148                PROVIDE (__data_end = .)

.bss            0x0000000000800148      0x246
                0x0000000000800148                PROVIDE (__bss_start = .)
 *(.bss)
 .bss           0x0000000000800148       0x21 obj/main.o
                0x0000000000800148                intCnt
                0x0000000000800149                voiceState
                0x000000000080014a                inhibit2
                0x000000000080014b                inhibit1
                0x000000000080014c                debounce2
                0x000000000080014e                debounce1
                0x0000000000800150                ledFlag
                0x0000000000800151                ledCounter
                0x0000000000800153                bufpos
                0x0000000000800155                waitCycles
                0x0000000000800159                sampleNum
 *(.bss*)
 *(COMMON)
 COMMON         0x0000000000800169      0x218 obj/main.o
                0x0000000000800169                sampleCounter
                0x000000000080016d                buf
 COMMON         0x0000000000800381        0x3 obj/DeviceStandardReq.o
                0x0000000000800381                USB_Device_ConfigurationNumber
                0x0000000000800382                USB_Device_CurrentlySelfPowered
                0x0000000000800383                USB_Device_RemoteWakeupEnabled
 COMMON         0x0000000000800384        0xa obj/USBTask.o
                0x0000000000800384                USB_IsInitialized
                0x0000000000800385                USB_DeviceState
                0x0000000000800386                USB_ControlRequest
                0x000000000080038e                PROVIDE (__bss_end = .)
                0x00000000000015fc                __data_load_start = LOADADDR (.data)
                0x0000000000001644                __data_load_end = (__data_load_start + SIZEOF (.data))

.noinit         0x000000000080038e        0x0
                [!provide]                        PROVIDE (__noinit_start = .)
 *(.noinit*)
                [!provide]                        PROVIDE (__noinit_end = .)
                0x000000000080038e                _end = .
                [!provide]                        PROVIDE (__heap_start = .)

.eeprom         0x0000000000810000        0x0
 *(.eeprom*)
                0x0000000000810000                __eeprom_end = .

.fuse
 *(.fuse)
 *(.lfuse)
 *(.hfuse)
 *(.efuse)

.lock
 *(.lock*)

.signature
 *(.signature*)

.stab
 *(.stab)

.stabstr
 *(.stabstr)

.stab.excl
 *(.stab.excl)

.stab.exclstr
 *(.stab.exclstr)

.stab.index
 *(.stab.index)

.stab.indexstr
 *(.stab.indexstr)

.comment        0x0000000000000000       0x11
 *(.comment)
 .comment       0x0000000000000000       0x11 obj/main.o
                                         0x12 (size before relaxing)
 .comment       0x0000000000000011       0x12 obj/flash.o
 .comment       0x0000000000000011       0x12 obj/spi.o
 .comment       0x0000000000000011       0x12 obj/Descriptors.o
 .comment       0x0000000000000011       0x12 obj/EndpointStream_AVR8.o
 .comment       0x0000000000000011       0x12 obj/Endpoint_AVR8.o
 .comment       0x0000000000000011       0x12 obj/USBController_AVR8.o
 .comment       0x0000000000000011       0x12 obj/USBInterrupt_AVR8.o
 .comment       0x0000000000000011       0x12 obj/DeviceStandardReq.o
 .comment       0x0000000000000011       0x12 obj/Events.o
 .comment       0x0000000000000011       0x12 obj/USBTask.o
 .comment       0x0000000000000011       0x12 obj/CDCClassDevice.o

.note.gnu.avr.deviceinfo
                0x0000000000000000       0x40
 .note.gnu.avr.deviceinfo
                0x0000000000000000       0x40 /usr/lib/gcc/avr/9.1.0/../../../../avr/lib/avr5/crtatmega32u4.o

.note.gnu.build-id
 *(.note.gnu.build-id)

.debug
 *(.debug)

.line
 *(.line)

.debug_srcinfo
 *(.debug_srcinfo)

.debug_sfnames
 *(.debug_sfnames)

.debug_aranges  0x0000000000000000      0x3f0
 *(.debug_aranges)
 .debug_aranges
                0x0000000000000000       0xd8 obj/main.o
 .debug_aranges
                0x00000000000000d8       0x58 obj/flash.o
 .debug_aranges
                0x0000000000000130       0x28 obj/spi.o
 .debug_aranges
                0x0000000000000158       0x20 obj/Descriptors.o
 .debug_aranges
                0x0000000000000178       0xc8 obj/EndpointStream_AVR8.o
 .debug_aranges
                0x0000000000000240       0x40 obj/Endpoint_AVR8.o
 .debug_aranges
                0x0000000000000280       0x30 obj/USBController_AVR8.o
 .debug_aranges
                0x00000000000002b0       0x38 obj/USBInterrupt_AVR8.o
 .debug_aranges
                0x00000000000002e8       0x20 obj/DeviceStandardReq.o
 .debug_aranges
                0x0000000000000308       0x20 obj/Events.o
 .debug_aranges
                0x0000000000000328       0x20 obj/USBTask.o
 .debug_aranges
                0x0000000000000348       0xa8 obj/CDCClassDevice.o

.debug_pubnames
 *(.debug_pubnames)

.debug_info     0x0000000000000000     0x829b
 *(.debug_info .gnu.linkonce.wi.*)
 .debug_info    0x0000000000000000      0x9f4 /usr/lib/gcc/avr/9.1.0/../../../../avr/lib/avr5/crtatmega32u4.o
 .debug_info    0x00000000000009f4     0x135d obj/main.o
 .debug_info    0x0000000000001d51      0x379 obj/flash.o
 .debug_info    0x00000000000020ca       0xc9 obj/spi.o
 .debug_info    0x0000000000002193      0x9ba obj/Descriptors.o
 .debug_info    0x0000000000002b4d     0x1d9a obj/EndpointStream_AVR8.o
 .debug_info    0x00000000000048e7      0x75d obj/Endpoint_AVR8.o
 .debug_info    0x0000000000005044      0x606 obj/USBController_AVR8.o
 .debug_info    0x000000000000564a      0xa43 obj/USBInterrupt_AVR8.o
 .debug_info    0x000000000000608d      0xc44 obj/DeviceStandardReq.o
 .debug_info    0x0000000000006cd1       0x79 obj/Events.o
 .debug_info    0x0000000000006d4a      0x2f1 obj/USBTask.o
 .debug_info    0x000000000000703b     0x1260 obj/CDCClassDevice.o

.debug_abbrev   0x0000000000000000     0x25f0
 *(.debug_abbrev)
 .debug_abbrev  0x0000000000000000      0x96a /usr/lib/gcc/avr/9.1.0/../../../../avr/lib/avr5/crtatmega32u4.o
 .debug_abbrev  0x000000000000096a      0x591 obj/main.o
 .debug_abbrev  0x0000000000000efb      0x141 obj/flash.o
 .debug_abbrev  0x000000000000103c       0x9b obj/spi.o
 .debug_abbrev  0x00000000000010d7      0x1d8 obj/Descriptors.o
 .debug_abbrev  0x00000000000012af      0x232 obj/EndpointStream_AVR8.o
 .debug_abbrev  0x00000000000014e1      0x29d obj/Endpoint_AVR8.o
 .debug_abbrev  0x000000000000177e      0x1f5 obj/USBController_AVR8.o
 .debug_abbrev  0x0000000000001973      0x2a5 obj/USBInterrupt_AVR8.o
 .debug_abbrev  0x0000000000001c18      0x332 obj/DeviceStandardReq.o
 .debug_abbrev  0x0000000000001f4a       0x46 obj/Events.o
 .debug_abbrev  0x0000000000001f90      0x1aa obj/USBTask.o
 .debug_abbrev  0x000000000000213a      0x4b6 obj/CDCClassDevice.o

.debug_line     0x0000000000000000     0x9050
 *(.debug_line .debug_line.* .debug_line_end)
 .debug_line    0x0000000000000000       0x1d /usr/lib/gcc/avr/9.1.0/../../../../avr/lib/avr5/crtatmega32u4.o
 .debug_line    0x000000000000001d     0x15b8 obj/main.o
 .debug_line    0x00000000000015d5      0x2df obj/flash.o
 .debug_line    0x00000000000018b4      0x142 obj/spi.o
 .debug_line    0x00000000000019f6      0x2a8 obj/Descriptors.o
 .debug_line    0x0000000000001c9e     0x3373 obj/EndpointStream_AVR8.o
 .debug_line    0x0000000000005011      0x961 obj/Endpoint_AVR8.o
 .debug_line    0x0000000000005972      0x658 obj/USBController_AVR8.o
 .debug_line    0x0000000000005fca      0xce6 obj/USBInterrupt_AVR8.o
 .debug_line    0x0000000000006cb0      0xd53 obj/DeviceStandardReq.o
 .debug_line    0x0000000000007a03       0x5a obj/Events.o
 .debug_line    0x0000000000007a5d      0x23d obj/USBTask.o
 .debug_line    0x0000000000007c9a     0x13b6 obj/CDCClassDevice.o

.debug_frame    0x0000000000000000      0xb58
 *(.debug_frame)
 .debug_frame   0x0000000000000000      0x250 obj/main.o
 .debug_frame   0x0000000000000250       0xc4 obj/flash.o
 .debug_frame   0x0000000000000314       0x34 obj/spi.o
 .debug_frame   0x0000000000000348       0x24 obj/Descriptors.o
 .debug_frame   0x000000000000036c      0x404 obj/EndpointStream_AVR8.o
 .debug_frame   0x0000000000000770       0x78 obj/Endpoint_AVR8.o
 .debug_frame   0x00000000000007e8       0x58 obj/USBController_AVR8.o
 .debug_frame   0x0000000000000840       0xec obj/USBInterrupt_AVR8.o
 .debug_frame   0x000000000000092c       0x3c obj/DeviceStandardReq.o
 .debug_frame   0x0000000000000968       0x24 obj/Events.o
 .debug_frame   0x000000000000098c       0x2c obj/USBTask.o
 .debug_frame   0x00000000000009b8      0x1a0 obj/CDCClassDevice.o

.debug_str      0x0000000000000000     0x291f
 *(.debug_str)
 .debug_str     0x0000000000000000      0x371 /usr/lib/gcc/avr/9.1.0/../../../../avr/lib/avr5/crtatmega32u4.o
 .debug_str     0x0000000000000371      0x899 obj/main.o
                                        0x914 (size before relaxing)
 .debug_str     0x0000000000000c0a       0x37 obj/flash.o
                                        0x252 (size before relaxing)
 .debug_str     0x0000000000000c41        0x6 obj/spi.o
                                        0x1c5 (size before relaxing)
 .debug_str     0x0000000000000c47      0x90a obj/Descriptors.o
                                        0xc74 (size before relaxing)
 .debug_str     0x0000000000001551      0x63a obj/EndpointStream_AVR8.o
                                        0x8ed (size before relaxing)
 .debug_str     0x0000000000001b8b      0x2d3 obj/Endpoint_AVR8.o
                                        0x6ad (size before relaxing)
 .debug_str     0x0000000000001e5e      0x21a obj/USBController_AVR8.o
                                        0x5d1 (size before relaxing)
 .debug_str     0x0000000000002078      0x18d obj/USBInterrupt_AVR8.o
                                        0x6a1 (size before relaxing)
 .debug_str     0x0000000000002205      0x41b obj/DeviceStandardReq.o
                                        0xa01 (size before relaxing)
 .debug_str     0x0000000000002620       0x31 obj/Events.o
                                        0x1ca (size before relaxing)
 .debug_str     0x0000000000002651       0x3f obj/USBTask.o
                                        0x400 (size before relaxing)
 .debug_str     0x0000000000002690      0x28f obj/CDCClassDevice.o
                                        0xb27 (size before relaxing)

.debug_loc      0x0000000000000000     0x4dd1
 *(.debug_loc)
 .debug_loc     0x0000000000000000      0x8f3 obj/main.o
 .debug_loc     0x00000000000008f3      0x18f obj/flash.o
 .debug_loc     0x0000000000000a82       0x6b obj/spi.o
 .debug_loc     0x0000000000000aed      0x24b obj/Descriptors.o
 .debug_loc     0x0000000000000d38     0x2718 obj/EndpointStream_AVR8.o
 .debug_loc     0x0000000000003450      0x4a0 obj/Endpoint_AVR8.o
 .debug_loc     0x00000000000038f0       0xf9 obj/USBController_AVR8.o
 .debug_loc     0x00000000000039e9      0x492 obj/USBInterrupt_AVR8.o
 .debug_loc     0x0000000000003e7b      0x393 obj/DeviceStandardReq.o
 .debug_loc     0x000000000000420e       0x62 obj/USBTask.o
 .debug_loc     0x0000000000004270      0xb61 obj/CDCClassDevice.o

.debug_macinfo
 *(.debug_macinfo)

.debug_weaknames
 *(.debug_weaknames)

.debug_funcnames
 *(.debug_funcnames)

.debug_typenames
 *(.debug_typenames)

.debug_varnames
 *(.debug_varnames)

.debug_pubtypes
 *(.debug_pubtypes)

.debug_ranges   0x0000000000000000      0x758
 *(.debug_ranges)
 .debug_ranges  0x0000000000000000      0x180 obj/main.o
 .debug_ranges  0x0000000000000180       0x48 obj/flash.o
 .debug_ranges  0x00000000000001c8       0x18 obj/spi.o
 .debug_ranges  0x00000000000001e0       0x10 obj/Descriptors.o
 .debug_ranges  0x00000000000001f0      0x1f8 obj/EndpointStream_AVR8.o
 .debug_ranges  0x00000000000003e8       0xd8 obj/Endpoint_AVR8.o
 .debug_ranges  0x00000000000004c0       0x50 obj/USBController_AVR8.o
 .debug_ranges  0x0000000000000510       0x70 obj/USBInterrupt_AVR8.o
 .debug_ranges  0x0000000000000580      0x120 obj/DeviceStandardReq.o
 .debug_ranges  0x00000000000006a0       0x10 obj/Events.o
 .debug_ranges  0x00000000000006b0       0x10 obj/USBTask.o
 .debug_ranges  0x00000000000006c0       0x98 obj/CDCClassDevice.o

.debug_macro
 *(.debug_macro)

.debug_addr
 *(.debug_addr)
OUTPUT(main.elf elf32-avr)
LOAD linker stubs

Cross Reference Table

Symbol                                            File
Audio_Device_ConfigureEndpoints                   obj/AudioClassDevice.o
Audio_Device_Event_Stub                           obj/AudioClassDevice.o
Audio_Device_ProcessControlRequest                obj/AudioClassDevice.o
CALLBACK_Audio_Device_GetSetEndpointProperty      obj/AudioClassDevice.o
CALLBACK_Audio_Device_GetSetInterfaceProperty     obj/AudioClassDevice.o
CALLBACK_HIDParser_FilterHIDReportItem            obj/HIDParser.o
CALLBACK_HID_Device_CreateHIDReport               obj/HIDClassDevice.o
CALLBACK_HID_Device_ProcessHIDReport              obj/HIDClassDevice.o
CALLBACK_MS_Device_SCSICommandReceived            obj/MassStorageClassDevice.o
CALLBACK_USB_GetDescriptor                        obj/Descriptors.o
                                                  obj/DeviceStandardReq.o
CDC_Device_BytesReceived                          obj/CDCClassDevice.o
CDC_Device_ConfigureEndpoints                     obj/CDCClassDevice.o
                                                  obj/main.o
CDC_Device_CreateBlockingStream                   obj/CDCClassDevice.o
CDC_Device_CreateStream                           obj/CDCClassDevice.o
                                                  obj/main.o
CDC_Device_Event_Stub                             obj/CDCClassDevice.o
CDC_Device_Flush                                  obj/CDCClassDevice.o
CDC_Device_ProcessControlRequest                  obj/CDCClassDevice.o
                                                  obj/main.o
CDC_Device_ReceiveByte                            obj/CDCClassDevice.o
                                                  obj/main.o
CDC_Device_SendByte                               obj/CDCClassDevice.o
CDC_Device_SendControlLineStateChange             obj/CDCClassDevice.o
CDC_Device_SendData                               obj/CDCClassDevice.o
CDC_Device_SendData_P                             obj/CDCClassDevice.o
CDC_Device_SendString                             obj/CDCClassDevice.o
                                                  obj/main.o
CDC_Device_SendString_P                           obj/CDCClassDevice.o
CDC_Device_USBTask                                obj/CDCClassDevice.o
                                                  obj/main.o
ConfigurationDescriptor                           obj/Descriptors.o
DeviceDescriptor                                  obj/Descriptors.o
EVENT_Audio_Device_StreamStartStop                obj/AudioClassDevice.o
EVENT_CDC_Device_BreakSent                        obj/CDCClassDevice.o
EVENT_CDC_Device_ControLineStateChanged           obj/main.o
EVENT_CDC_Device_LineEncodingChanged              obj/CDCClassDevice.o
EVENT_PRNT_Device_SoftReset                       obj/PrinterClassDevice.o
EVENT_USB_Device_ConfigurationChanged             obj/main.o
                                                  obj/DeviceStandardReq.o
EVENT_USB_Device_Connect                          obj/main.o
                                                  obj/USBInterrupt_AVR8.o
EVENT_USB_Device_ControlRequest                   obj/main.o
                                                  obj/DeviceStandardReq.o
EVENT_USB_Device_Disconnect                       obj/main.o
                                                  obj/USBInterrupt_AVR8.o
EVENT_USB_Device_Reset                            obj/Events.o
                                                  obj/USBInterrupt_AVR8.o
EVENT_USB_Device_StartOfFrame                     obj/Events.o
                                                  obj/USBInterrupt_AVR8.o
EVENT_USB_Device_Suspend                          obj/Events.o
                                                  obj/USBInterrupt_AVR8.o
EVENT_USB_Device_WakeUp                           obj/Events.o
                                                  obj/USBInterrupt_AVR8.o
Endpoint_ClearEndpoints                           obj/Endpoint_AVR8.o
Endpoint_ClearStatusStage                         obj/Endpoint_AVR8.o
                                                  obj/PrinterClassDevice.o
                                                  obj/MassStorageClassDevice.o
                                                  obj/HIDClassDevice.o
                                                  obj/CDCClassDevice.o
                                                  obj/AudioClassDevice.o
                                                  obj/DeviceStandardReq.o
Endpoint_ConfigureEndpointTable                   obj/Endpoint_AVR8.o
                                                  obj/RNDISClassDevice.o
                                                  obj/PrinterClassDevice.o
                                                  obj/MIDIClassDevice.o
                                                  obj/MassStorageClassDevice.o
                                                  obj/HIDClassDevice.o
                                                  obj/CDCClassDevice.o
                                                  obj/AudioClassDevice.o
Endpoint_ConfigureEndpoint_Prv                    obj/Endpoint_AVR8.o
                                                  obj/USBInterrupt_AVR8.o
                                                  obj/USBController_AVR8.o
Endpoint_Discard_Stream                           obj/EndpointStream_AVR8.o
Endpoint_Null_Stream                              obj/EndpointStream_AVR8.o
Endpoint_Read_Control_EStream_BE                  obj/EndpointStream_AVR8.o
Endpoint_Read_Control_EStream_LE                  obj/EndpointStream_AVR8.o
Endpoint_Read_Control_Stream_BE                   obj/EndpointStream_AVR8.o
Endpoint_Read_Control_Stream_LE                   obj/EndpointStream_AVR8.o
                                                  obj/RNDISClassDevice.o
                                                  obj/HIDClassDevice.o
                                                  obj/AudioClassDevice.o
Endpoint_Read_EStream_BE                          obj/EndpointStream_AVR8.o
Endpoint_Read_EStream_LE                          obj/EndpointStream_AVR8.o
Endpoint_Read_Stream_BE                           obj/EndpointStream_AVR8.o
Endpoint_Read_Stream_LE                           obj/EndpointStream_AVR8.o
                                                  obj/RNDISClassDevice.o
                                                  obj/MIDIClassDevice.o
                                                  obj/MassStorageClassDevice.o
Endpoint_WaitUntilReady                           obj/Endpoint_AVR8.o
                                                  obj/RNDISClassDevice.o
                                                  obj/PrinterClassDevice.o
                                                  obj/MIDIClassDevice.o
                                                  obj/CDCClassDevice.o
                                                  obj/EndpointStream_AVR8.o
Endpoint_Write_Control_EStream_BE                 obj/EndpointStream_AVR8.o
Endpoint_Write_Control_EStream_LE                 obj/EndpointStream_AVR8.o
Endpoint_Write_Control_PStream_BE                 obj/EndpointStream_AVR8.o
Endpoint_Write_Control_PStream_LE                 obj/EndpointStream_AVR8.o
                                                  obj/DeviceStandardReq.o
Endpoint_Write_Control_Stream_BE                  obj/EndpointStream_AVR8.o
Endpoint_Write_Control_Stream_LE                  obj/EndpointStream_AVR8.o
                                                  obj/RNDISClassDevice.o
                                                  obj/PrinterClassDevice.o
                                                  obj/HIDClassDevice.o
                                                  obj/AudioClassDevice.o
                                                  obj/DeviceStandardReq.o
Endpoint_Write_EStream_BE                         obj/EndpointStream_AVR8.o
Endpoint_Write_EStream_LE                         obj/EndpointStream_AVR8.o
Endpoint_Write_PStream_BE                         obj/EndpointStream_AVR8.o
Endpoint_Write_PStream_LE                         obj/EndpointStream_AVR8.o
                                                  obj/CDCClassDevice.o
Endpoint_Write_Stream_BE                          obj/EndpointStream_AVR8.o
Endpoint_Write_Stream_LE                          obj/EndpointStream_AVR8.o
                                                  obj/RNDISClassDevice.o
                                                  obj/PrinterClassDevice.o
                                                  obj/MIDIClassDevice.o
                                                  obj/MassStorageClassDevice.o
                                                  obj/HIDClassDevice.o
                                                  obj/CDCClassDevice.o
HID_Device_ConfigureEndpoints                     obj/HIDClassDevice.o
HID_Device_ProcessControlRequest                  obj/HIDClassDevice.o
HID_Device_USBTask                                obj/HIDClassDevice.o
LanguageString                                    obj/Descriptors.o
MIDI_Device_ConfigureEndpoints                    obj/MIDIClassDevice.o
MIDI_Device_Flush                                 obj/MIDIClassDevice.o
MIDI_Device_ReceiveEventPacket                    obj/MIDIClassDevice.o
MIDI_Device_SendEventPacket                       obj/MIDIClassDevice.o
MIDI_Device_USBTask                               obj/MIDIClassDevice.o
MS_Device_ConfigureEndpoints                      obj/MassStorageClassDevice.o
MS_Device_ProcessControlRequest                   obj/MassStorageClassDevice.o
MS_Device_USBTask                                 obj/MassStorageClassDevice.o
ManufacturerString                                obj/Descriptors.o
PRNT_Device_BytesReceived                         obj/PrinterClassDevice.o
PRNT_Device_ConfigureEndpoints                    obj/PrinterClassDevice.o
PRNT_Device_CreateBlockingStream                  obj/PrinterClassDevice.o
PRNT_Device_CreateStream                          obj/PrinterClassDevice.o
PRNT_Device_Event_Stub                            obj/PrinterClassDevice.o
PRNT_Device_Flush                                 obj/PrinterClassDevice.o
PRNT_Device_ProcessControlRequest                 obj/PrinterClassDevice.o
PRNT_Device_ReceiveByte                           obj/PrinterClassDevice.o
PRNT_Device_SendByte                              obj/PrinterClassDevice.o
PRNT_Device_SendData                              obj/PrinterClassDevice.o
PRNT_Device_SendString                            obj/PrinterClassDevice.o
PRNT_Device_USBTask                               obj/PrinterClassDevice.o
ProductString                                     obj/Descriptors.o
RNDIS_Device_ConfigureEndpoints                   obj/RNDISClassDevice.o
RNDIS_Device_IsPacketReceived                     obj/RNDISClassDevice.o
RNDIS_Device_ProcessControlRequest                obj/RNDISClassDevice.o
RNDIS_Device_ReadPacket                           obj/RNDISClassDevice.o
RNDIS_Device_SendPacket                           obj/RNDISClassDevice.o
RNDIS_Device_USBTask                              obj/RNDISClassDevice.o
USB_ControlRequest                                obj/USBTask.o
                                                  obj/RNDISClassDevice.o
                                                  obj/PrinterClassDevice.o
                                                  obj/MassStorageClassDevice.o
                                                  obj/HIDClassDevice.o
                                                  obj/CDCClassDevice.o
                                                  obj/AudioClassDevice.o
                                                  obj/DeviceStandardReq.o
                                                  obj/Endpoint_AVR8.o
                                                  obj/EndpointStream_AVR8.o
USB_DeviceState                                   obj/USBTask.o
                                                  obj/RNDISClassDevice.o
                                                  obj/PrinterClassDevice.o
                                                  obj/MIDIClassDevice.o
                                                  obj/MassStorageClassDevice.o
                                                  obj/HIDClassDevice.o
                                                  obj/CDCClassDevice.o
                                                  obj/DeviceStandardReq.o
                                                  obj/USBInterrupt_AVR8.o
                                                  obj/USBController_AVR8.o
                                                  obj/Endpoint_AVR8.o
                                                  obj/EndpointStream_AVR8.o
USB_Device_ConfigurationNumber                    obj/DeviceStandardReq.o
                                                  obj/USBInterrupt_AVR8.o
                                                  obj/USBController_AVR8.o
USB_Device_CurrentlySelfPowered                   obj/DeviceStandardReq.o
                                                  obj/USBController_AVR8.o
USB_Device_ProcessControlRequest                  obj/DeviceStandardReq.o
                                                  obj/USBTask.o
                                                  obj/USBInterrupt_AVR8.o
USB_Device_RemoteWakeupEnabled                    obj/DeviceStandardReq.o
                                                  obj/USBController_AVR8.o
USB_Device_SendRemoteWakeup                       obj/Device_AVR8.o
USB_Disable                                       obj/USBController_AVR8.o
USB_Event_Stub                                    obj/Events.o
USB_GetHIDReportItemInfo                          obj/HIDParser.o
USB_GetHIDReportSize                              obj/HIDParser.o
USB_GetNextDescriptorComp                         obj/ConfigDescriptors.o
USB_GetNextDescriptorOfType                       obj/ConfigDescriptors.o
USB_GetNextDescriptorOfTypeAfter                  obj/ConfigDescriptors.o
USB_GetNextDescriptorOfTypeBefore                 obj/ConfigDescriptors.o
USB_INT_ClearAllInterrupts                        obj/USBInterrupt_AVR8.o
                                                  obj/USBController_AVR8.o
USB_INT_DisableAllInterrupts                      obj/USBInterrupt_AVR8.o
                                                  obj/USBController_AVR8.o
USB_Init                                          obj/USBController_AVR8.o
                                                  obj/main.o
USB_IsInitialized                                 obj/USBTask.o
                                                  obj/USBController_AVR8.o
USB_ProcessHIDReport                              obj/HIDParser.o
USB_ResetInterface                                obj/USBController_AVR8.o
USB_SetHIDReportItemInfo                          obj/HIDParser.o
USB_USBTask                                       obj/USBTask.o
                                                  obj/PrinterClassDevice.o
                                                  obj/CDCClassDevice.o
                                                  obj/main.o
VirtualSerial_CDC_Interface                       obj/main.o
__bad_interrupt                                   /usr/lib/gcc/avr/9.1.0/../../../../avr/lib/avr5/crtatmega32u4.o
__bss_end                                         /usr/lib/gcc/avr/9.1.0/avr5/libgcc.a(_clear_bss.o)
__bss_start                                       /usr/lib/gcc/avr/9.1.0/avr5/libgcc.a(_clear_bss.o)
__data_end                                        /usr/lib/gcc/avr/9.1.0/avr5/libgcc.a(_copy_data.o)
__data_load_start                                 /usr/lib/gcc/avr/9.1.0/avr5/libgcc.a(_copy_data.o)
__data_start                                      /usr/lib/gcc/avr/9.1.0/avr5/libgcc.a(_copy_data.o)
__do_clear_bss                                    /usr/lib/gcc/avr/9.1.0/avr5/libgcc.a(_clear_bss.o)
                                                  obj/USBTask.o
                                                  obj/DeviceStandardReq.o
                                                  obj/flash.o
                                                  obj/main.o
__do_copy_data                                    /usr/lib/gcc/avr/9.1.0/avr5/libgcc.a(_copy_data.o)
                                                  obj/RNDISClassDevice.o
                                                  obj/CDCClassDevice.o
                                                  obj/main.o
__heap_end                                        /usr/lib/gcc/avr/9.1.0/../../../../avr/lib/avr5/crtatmega32u4.o
__init                                            /usr/lib/gcc/avr/9.1.0/../../../../avr/lib/avr5/crtatmega32u4.o
__stack                                           /usr/lib/gcc/avr/9.1.0/../../../../avr/lib/avr5/crtatmega32u4.o
__strlen_P                                        /usr/lib/gcc/avr/9.1.0/../../../../avr/lib/avr5/libc.a(strlen_P.o)
                                                  obj/CDCClassDevice.o
__vector_1                                        /usr/lib/gcc/avr/9.1.0/../../../../avr/lib/avr5/crtatmega32u4.o
__vector_10                                       obj/USBInterrupt_AVR8.o
                                                  /usr/lib/gcc/avr/9.1.0/../../../../avr/lib/avr5/crtatmega32u4.o
__vector_11                                       obj/USBInterrupt_AVR8.o
                                                  /usr/lib/gcc/avr/9.1.0/../../../../avr/lib/avr5/crtatmega32u4.o
__vector_12                                       /usr/lib/gcc/avr/9.1.0/../../../../avr/lib/avr5/crtatmega32u4.o
__vector_13                                       /usr/lib/gcc/avr/9.1.0/../../../../avr/lib/avr5/crtatmega32u4.o
__vector_14                                       /usr/lib/gcc/avr/9.1.0/../../../../avr/lib/avr5/crtatmega32u4.o
__vector_15                                       /usr/lib/gcc/avr/9.1.0/../../../../avr/lib/avr5/crtatmega32u4.o
__vector_16                                       /usr/lib/gcc/avr/9.1.0/../../../../avr/lib/avr5/crtatmega32u4.o
__vector_17                                       /usr/lib/gcc/avr/9.1.0/../../../../avr/lib/avr5/crtatmega32u4.o
__vector_18                                       /usr/lib/gcc/avr/9.1.0/../../../../avr/lib/avr5/crtatmega32u4.o
__vector_19                                       /usr/lib/gcc/avr/9.1.0/../../../../avr/lib/avr5/crtatmega32u4.o
__vector_2                                        /usr/lib/gcc/avr/9.1.0/../../../../avr/lib/avr5/crtatmega32u4.o
__vector_20                                       /usr/lib/gcc/avr/9.1.0/../../../../avr/lib/avr5/crtatmega32u4.o
__vector_21                                       obj/main.o
                                                  /usr/lib/gcc/avr/9.1.0/../../../../avr/lib/avr5/crtatmega32u4.o
__vector_22                                       /usr/lib/gcc/avr/9.1.0/../../../../avr/lib/avr5/crtatmega32u4.o
__vector_23                                       /usr/lib/gcc/avr/9.1.0/../../../../avr/lib/avr5/crtatmega32u4.o
__vector_24                                       /usr/lib/gcc/avr/9.1.0/../../../../avr/lib/avr5/crtatmega32u4.o
__vector_25                                       /usr/lib/gcc/avr/9.1.0/../../../../avr/lib/avr5/crtatmega32u4.o
__vector_26                                       /usr/lib/gcc/avr/9.1.0/../../../../avr/lib/avr5/crtatmega32u4.o
__vector_27                                       /usr/lib/gcc/avr/9.1.0/../../../../avr/lib/avr5/crtatmega32u4.o
__vector_28                                       /usr/lib/gcc/avr/9.1.0/../../../../avr/lib/avr5/crtatmega32u4.o
__vector_29                                       /usr/lib/gcc/avr/9.1.0/../../../../avr/lib/avr5/crtatmega32u4.o
__vector_3                                        /usr/lib/gcc/avr/9.1.0/../../../../avr/lib/avr5/crtatmega32u4.o
__vector_30                                       /usr/lib/gcc/avr/9.1.0/../../../../avr/lib/avr5/crtatmega32u4.o
__vector_31                                       /usr/lib/gcc/avr/9.1.0/../../../../avr/lib/avr5/crtatmega32u4.o
__vector_32                                       /usr/lib/gcc/avr/9.1.0/../../../../avr/lib/avr5/crtatmega32u4.o
__vector_33                                       /usr/lib/gcc/avr/9.1.0/../../../../avr/lib/avr5/crtatmega32u4.o
__vector_34                                       /usr/lib/gcc/avr/9.1.0/../../../../avr/lib/avr5/crtatmega32u4.o
__vector_35                                       /usr/lib/gcc/avr/9.1.0/../../../../avr/lib/avr5/crtatmega32u4.o
__vector_36                                       /usr/lib/gcc/avr/9.1.0/../../../../avr/lib/avr5/crtatmega32u4.o
__vector_37                                       /usr/lib/gcc/avr/9.1.0/../../../../avr/lib/avr5/crtatmega32u4.o
__vector_38                                       /usr/lib/gcc/avr/9.1.0/../../../../avr/lib/avr5/crtatmega32u4.o
__vector_39                                       /usr/lib/gcc/avr/9.1.0/../../../../avr/lib/avr5/crtatmega32u4.o
__vector_4                                        /usr/lib/gcc/avr/9.1.0/../../../../avr/lib/avr5/crtatmega32u4.o
__vector_40                                       /usr/lib/gcc/avr/9.1.0/../../../../avr/lib/avr5/crtatmega32u4.o
__vector_41                                       /usr/lib/gcc/avr/9.1.0/../../../../avr/lib/avr5/crtatmega32u4.o
__vector_42                                       /usr/lib/gcc/avr/9.1.0/../../../../avr/lib/avr5/crtatmega32u4.o
__vector_5                                        /usr/lib/gcc/avr/9.1.0/../../../../avr/lib/avr5/crtatmega32u4.o
__vector_6                                        /usr/lib/gcc/avr/9.1.0/../../../../avr/lib/avr5/crtatmega32u4.o
__vector_7                                        /usr/lib/gcc/avr/9.1.0/../../../../avr/lib/avr5/crtatmega32u4.o
__vector_8                                        /usr/lib/gcc/avr/9.1.0/../../../../avr/lib/avr5/crtatmega32u4.o
__vector_9                                        /usr/lib/gcc/avr/9.1.0/../../../../avr/lib/avr5/crtatmega32u4.o
__vector_default                                  /usr/lib/gcc/avr/9.1.0/../../../../avr/lib/avr5/crtatmega32u4.o
__vectors                                         /usr/lib/gcc/avr/9.1.0/../../../../avr/lib/avr5/crtatmega32u4.o
_exit                                             /usr/lib/gcc/avr/9.1.0/avr5/libgcc.a(_exit.o)
buf                                               obj/main.o
bufpos                                            obj/main.o
buttonInit                                        obj/main.o
debounce1                                         obj/main.o
debounce2                                         obj/main.o
eeprom_read_byte                                  /usr/lib/gcc/avr/9.1.0/../../../../avr/lib/avr5/libatmega32u4.a(eerd_byte.o)
                                                  obj/EndpointStream_AVR8.o
eeprom_update_byte                                /usr/lib/gcc/avr/9.1.0/../../../../avr/lib/avr5/libatmega32u4.a(eeupd_byte.o)
                                                  obj/EndpointStream_AVR8.o
eeprom_update_r18                                 /usr/lib/gcc/avr/9.1.0/../../../../avr/lib/avr5/libatmega32u4.a(eeupd_byte.o)
erase_block                                       obj/flash.o
                                                  obj/main.o
erase_chip                                        obj/flash.o
exit                                              /usr/lib/gcc/avr/9.1.0/avr5/libgcc.a(_exit.o)
                                                  /usr/lib/gcc/avr/9.1.0/../../../../avr/lib/avr5/crtatmega32u4.o
get_hex_byte                                      obj/main.o
get_hex_dword                                     obj/main.o
hex2dec                                           obj/main.o
inhibit1                                          obj/main.o
inhibit2                                          obj/main.o
initRead                                          obj/flash.o
                                                  obj/main.o
intCnt                                            obj/main.o
ledCounter                                        obj/main.o
ledFlag                                           obj/main.o
ledInit                                           obj/main.o
ledPattern                                        obj/main.o
ledSet                                            obj/main.o
ledTimeout                                        obj/main.o
main                                              obj/main.o
                                                  /usr/lib/gcc/avr/9.1.0/../../../../avr/lib/avr5/crtatmega32u4.o
memcmp                                            /usr/lib/gcc/avr/9.1.0/../../../../avr/lib/avr5/libc.a(memcmp.o)
                                                  obj/HIDClassDevice.o
memcpy                                            /usr/lib/gcc/avr/9.1.0/../../../../avr/lib/avr5/libc.a(memcpy.o)
                                                  obj/RNDISClassDevice.o
                                                  obj/HIDClassDevice.o
memcpy_P                                          /usr/lib/gcc/avr/9.1.0/../../../../avr/lib/avr5/libc.a(memcpy_P.o)
                                                  obj/RNDISClassDevice.o
memset                                            /usr/lib/gcc/avr/9.1.0/../../../../avr/lib/avr5/libc.a(memset.o)
                                                  obj/HIDClassDevice.o
program_byte                                      obj/flash.o
                                                  obj/main.o
program_end                                       obj/flash.o
                                                  obj/main.o
program_start                                     obj/flash.o
                                                  obj/main.o
ptt                                               obj/main.o
pttInit                                           obj/main.o
pwm_init                                          obj/main.o
readSample                                        obj/flash.o
                                                  obj/main.o
relay                                             obj/main.o
relayInit                                         obj/main.o
sampleCounter                                     obj/flash.o
                                                  obj/main.o
sampleLength                                      obj/main.o
sampleNum                                         obj/main.o
sampleStart                                       obj/main.o
samples                                           obj/main.o
seekToTrack                                       obj/main.o
send_byte_hex                                     obj/main.o
send_lf                                           obj/main.o
send_string                                       obj/main.o
spi_init                                          obj/spi.o
                                                  obj/main.o
spi_transmit_receive                              obj/spi.o
                                                  obj/flash.o
timerInit                                         obj/main.o
timerStart                                        obj/main.o
timerStop                                         obj/main.o
voiceState                                        obj/main.o
waitCycles                                        obj/main.o
write_in_progress                                 obj/flash.o
                                                  obj/main.o
